** Drc report for mutebox_hat_audio_in.kicad_pcb **
** Created on 2026-01-08T13:27:37-0800 **

** Found 29 DRC violations **
[silk_over_copper]: Silkscreen clipped by solder mask
    Local override; error
    @(144.5000 mm, 71.5500 mm): Reference field of U3
[silk_over_copper]: Silkscreen clipped by solder mask
    Local override; error
    @(145.1500 mm, 70.6500 mm): Reference field of FB1
[silk_over_copper]: Silkscreen clipped by solder mask
    Local override; error
    @(144.8000 mm, 69.9500 mm): Reference field of C3
[silk_over_copper]: Silkscreen clipped by solder mask
    Local override; error
    @(157.5000 mm, 81.5000 mm): Reference field of J_R_IN1
[silk_over_copper]: Silkscreen clipped by solder mask
    Local override; error
    @(156.8000 mm, 76.5500 mm): Reference field of R3
[silk_over_copper]: Silkscreen clipped by solder mask
    Local override; error
    @(156.8000 mm, 80.5500 mm): Reference field of R6
[silk_over_copper]: Silkscreen clipped by solder mask
    Local override; error
    @(124.8500 mm, 83.5000 mm): Reference field of R7
[silk_over_copper]: Silkscreen clipped by solder mask
    Local override; error
    @(150.0750 mm, 58.3050 mm): Reference field of U1
[silk_over_copper]: Silkscreen clipped by solder mask
    Local override; error
    @(104.8500 mm, 71.1000 mm): Reference field of C7
[silk_over_copper]: Silkscreen clipped by solder mask
    Local override; error
    @(156.8000 mm, 78.5500 mm): Reference field of R5
[silk_over_copper]: Silkscreen clipped by solder mask
    Local override; error
    @(151.8500 mm, 71.0000 mm): Reference field of C10
[silk_over_copper]: Silkscreen clipped by solder mask
    Local override; error
    @(156.2000 mm, 64.2500 mm): Reference field of R2
[silk_over_copper]: Silkscreen clipped by solder mask
    Local override; error
    @(111.9600 mm, 91.0000 mm): Circle of J2 on F.Silkscreen
[silk_over_copper]: Silkscreen clipped by solder mask
    Local override; error
    @(143.6500 mm, 76.8000 mm): Reference field of C8
[silk_overlap]: Silkscreen overlap
    Rule: board setup constraints silk; error
    @(145.1500 mm, 70.6500 mm): Reference field of FB1
    @(144.8000 mm, 69.9500 mm): Reference field of C3
[silk_overlap]: Silkscreen overlap
    Rule: board setup constraints silk; error
    @(137.4250 mm, 72.9250 mm): Reference field of U2
    @(138.5000 mm, 74.0000 mm): Reference field of R8
[silk_overlap]: Silkscreen overlap
    Rule: board setup constraints silk; error
    @(156.5729 mm, 80.9350 mm): Segment of R5 on F.Silkscreen
    @(157.5000 mm, 81.5000 mm): Reference field of J_R_IN1
[silk_overlap]: Silkscreen overlap
    Rule: board setup constraints silk; error
    @(157.5000 mm, 81.5000 mm): Reference field of J_R_IN1
    @(156.8000 mm, 80.5500 mm): Reference field of R6
[silk_overlap]: Silkscreen overlap
    Rule: board setup constraints silk; error
    @(156.5729 mm, 81.4650 mm): Segment of R6 on F.Silkscreen
    @(157.5000 mm, 81.5000 mm): Reference field of J_R_IN1
[silk_overlap]: Silkscreen overlap
    Rule: board setup constraints silk; error
    @(156.8000 mm, 78.5500 mm): Reference field of R5
    @(156.5729 mm, 78.9350 mm): Segment of R3 on F.Silkscreen
[silk_overlap]: Silkscreen overlap
    Rule: board setup constraints silk; error
    @(156.5729 mm, 80.9350 mm): Segment of R5 on F.Silkscreen
    @(156.8000 mm, 80.5500 mm): Reference field of R6
[silk_overlap]: Silkscreen overlap
    Rule: board setup constraints silk; error
    @(156.5729 mm, 76.9350 mm): Segment of R4 on F.Silkscreen
    @(156.8000 mm, 76.5500 mm): Reference field of R3
[silk_overlap]: Silkscreen overlap
    Rule: board setup constraints silk; error
    @(144.5000 mm, 71.5500 mm): Reference field of U3
    @(145.1500 mm, 70.6500 mm): Reference field of FB1
[silk_overlap]: Silkscreen overlap
    Rule: board setup constraints silk; error
    @(144.9729 mm, 70.8650 mm): Segment of C3 on F.Silkscreen
    @(145.1500 mm, 70.6500 mm): Reference field of FB1
[silk_overlap]: Silkscreen overlap
    Rule: board setup constraints silk; error
    @(151.4650 mm, 70.7729 mm): Segment of C12 on F.Silkscreen
    @(151.8500 mm, 71.0000 mm): Reference field of C10
[silk_overlap]: Silkscreen overlap
    Rule: board setup constraints silk; error
    @(144.8000 mm, 69.9500 mm): Reference field of C3
    @(145.5602 mm, 69.6600 mm): Segment of FB1 on F.Silkscreen
[silk_overlap]: Silkscreen overlap
    Rule: board setup constraints silk; error
    @(149.6000 mm, 60.0000 mm): Reference field of C5
    @(148.0150 mm, 59.6450 mm): Segment of U1 on F.Silkscreen
[silk_overlap]: Silkscreen overlap
    Rule: board setup constraints silk; error
    @(156.4271 mm, 63.8650 mm): Segment of R1 on F.Silkscreen
    @(156.2000 mm, 64.2500 mm): Reference field of R2
[silk_overlap]: Silkscreen overlap
    Rule: board setup constraints silk; error
    @(150.0750 mm, 58.3050 mm): Reference field of U1
    @(149.8271 mm, 58.7350 mm): Segment of C5 on F.Silkscreen

** Found 0 unconnected pads **

** Found 0 Footprint errors **

** End of Report **
