ERC report (2026-01-04T14:24:15-0800, Encoding UTF8)

***** Sheet /
[pin_not_driven]: Input pin not driven by any Output pins
    ; error
    @(5400 mils, 1450 mils): Symbol U2 Pin 3 [I1a, Input, Line]
[endpoint_off_grid]: Symbol pin or wire end off connection grid
    ; warning
    @(900 mils, 775 mils): Horizontal Wire, length 50 mils
[endpoint_off_grid]: Symbol pin or wire end off connection grid
    ; warning
    @(950 mils, 775 mils): Vertical Wire, length 100 mils
[endpoint_off_grid]: Symbol pin or wire end off connection grid
    ; warning
    @(950 mils, 875 mils): Vertical Wire, length 325 mils
[endpoint_off_grid]: Symbol pin or wire end off connection grid
    ; warning
    @(950 mils, 875 mils): Horizontal Wire, length 900 mils
[multiple_net_names]: Both +3V3 and I2C_SDA are attached to the same items; +3V3 will be used in the netlist
    ; warning
    @(7200 mils, 1050 mils): Global Label '+3V3'
    @(900 mils, 1200 mils): Global Label 'I2C_SDA'
[endpoint_off_grid]: Symbol pin or wire end off connection grid
    ; warning
    @(1850 mils, 775 mils): Symbol #FLG02 Pin 1 [Power output, Line]
[endpoint_off_grid]: Symbol pin or wire end off connection grid
    ; warning
    @(1850 mils, 875 mils): Horizontal Wire, length 125 mils
[endpoint_off_grid]: Symbol pin or wire end off connection grid
    ; warning
    @(1850 mils, 875 mils): Vertical Wire, length 100 mils
[endpoint_off_grid]: Symbol pin or wire end off connection grid
    ; warning
    @(1975 mils, 875 mils): Wire, length 318 mils
[endpoint_off_grid]: Symbol pin or wire end off connection grid
    ; warning
    @(875 mils, 2400 mils): Horizontal Wire, length 1525 mils
[same_local_global_label]: Local and global labels have same name
    ; warning
    @(875 mils, 2400 mils): Global Label 'ID_SDA'
    @(4350 mils, 6900 mils): Label 'ID_SDA'
[endpoint_off_grid]: Symbol pin or wire end off connection grid
    ; warning
    @(1150 mils, 3125 mils): Horizontal Wire, length 5375 mils
[endpoint_off_grid]: Symbol pin or wire end off connection grid
    ; warning
    @(1150 mils, 2800 mils): Vertical Wire, length 325 mils
[endpoint_off_grid]: Symbol pin or wire end off connection grid
    ; warning
    @(4075 mils, 1900 mils): Vertical Wire, length 650 mils
[endpoint_off_grid]: Symbol pin or wire end off connection grid
    ; warning
    @(2900 mils, 1900 mils): Horizontal Wire, length 1175 mils
[multiple_net_names]: Both GPIO24 and SRC_SEL are attached to the same items; GPIO24 will be used in the netlist
    ; warning
    @(3825 mils, 1900 mils): Label 'GPIO24'
    @(4075 mils, 2100 mils): Label 'SRC_SEL'
[endpoint_off_grid]: Symbol pin or wire end off connection grid
    ; warning
    @(3450 mils, 2700 mils): Vertical Wire, length 475 mils
[endpoint_off_grid]: Symbol pin or wire end off connection grid
    ; warning
    @(3450 mils, 3175 mils): Symbol #PWR02 Pin 1 [Power input, Line]
[endpoint_off_grid]: Symbol pin or wire end off connection grid
    ; warning
    @(4075 mils, 2550 mils): Horizontal Wire, length 1325 mils
[endpoint_off_grid]: Symbol pin or wire end off connection grid
    ; warning
    @(2900 mils, 2400 mils): Horizontal Wire, length 1275 mils
[same_local_global_label]: Local and global labels have same name
    ; warning
    @(4175 mils, 2400 mils): Global Label 'ID_SCL'
    @(4350 mils, 7000 mils): Label 'ID_SCL'
[endpoint_off_grid]: Symbol pin or wire end off connection grid
    ; warning
    @(4700 mils, 1225 mils): Vertical Wire, length 375 mils
[endpoint_off_grid]: Symbol pin or wire end off connection grid
    ; warning
    @(4700 mils, 1225 mils): Horizontal Wire, length 1700 mils
[multiple_net_names]: Both GPIO20{slash}PCM.DIN and PCM_DIN are attached to the same items; GPIO20{slash}PCM.DIN will be used in the netlist
    ; warning
    @(3950 mils, 2900 mils): Label 'GPIO20/PCM.DIN'
    @(4100 mils, 2900 mils): Label 'PCM_DIN'
[endpoint_off_grid]: Symbol pin or wire end off connection grid
    ; warning
    @(5275 mils, 1450 mils): Horizontal Wire, length 125 mils
[global_label_dangling]: Global label not connected anywhere else in the schematic
    ; warning
    @(5275 mils, 1450 mils): Global Label 'I2S_SDIN'
[endpoint_off_grid]: Symbol pin or wire end off connection grid
    ; warning
    @(5325 mils, 1650 mils): Horizontal Wire, length 75 mils
[endpoint_off_grid]: Symbol pin or wire end off connection grid
    ; warning
    @(5325 mils, 1950 mils): Horizontal Wire, length 75 mils
[endpoint_off_grid]: Symbol pin or wire end off connection grid
    ; warning
    @(6400 mils, 1225 mils): Vertical Wire, length 125 mils
[multiple_net_names]: Both GPIO18{slash}PCM.CLK and PCM_CLK are attached to the same items; GPIO18{slash}PCM.CLK will be used in the netlist
    ; warning
    @(3950 mils, 1600 mils): Label 'GPIO18/PCM.CLK'
    @(6400 mils, 1275 mils): Label 'PCM_CLK'
[multiple_net_names]: Both GPIO19{slash}PCM.FS and PCM_FS are attached to the same items; GPIO19{slash}PCM.FS will be used in the netlist
    ; warning
    @(1250 mils, 2800 mils): Label 'GPIO19/PCM.FS'
    @(6450 mils, 1650 mils): Label 'PCM_FS'
[endpoint_off_grid]: Symbol pin or wire end off connection grid
    ; warning
    @(6525 mils, 1650 mils): Vertical Wire, length 1475 mils
[endpoint_off_grid]: Symbol pin or wire end off connection grid
    ; warning
    @(6400 mils, 1650 mils): Horizontal Wire, length 125 mils
[endpoint_off_grid]: Symbol pin or wire end off connection grid
    ; warning
    @(6400 mils, 1950 mils): Horizontal Wire, length 75 mils
[endpoint_off_grid]: Symbol pin or wire end off connection grid
    ; warning
    @(6475 mils, 1950 mils): Vertical Wire, length 950 mils
[endpoint_off_grid]: Symbol pin or wire end off connection grid
    ; warning
    @(2900 mils, 2900 mils): Horizontal Wire, length 3575 mils
[endpoint_off_grid]: Symbol pin or wire end off connection grid
    ; warning
    @(6850 mils, 3225 mils): Vertical Wire, length 25 mils
[endpoint_off_grid]: Symbol pin or wire end off connection grid
    ; warning
    @(6850 mils, 3225 mils): Symbol #FLG03 Pin 1 [Power output, Line]
[lib_symbol_mismatch]: Symbol 'R_Small' doesn't match copy in library 'Device'
    ; warning
    @(3700 mils, 6700 mils): Symbol R1 [R_Small]
[multiple_net_names]: Both 3V3_A and AGND are attached to the same items; 3V3_A will be used in the netlist
    ; warning
    @(7450 mils, 3250 mils): Global Label '3V3_A'
    @(4600 mils, 6150 mils): Global Label 'AGND'
[lib_symbol_mismatch]: Symbol 'R_Small' doesn't match copy in library 'Device'
    ; warning
    @(4000 mils, 6700 mils): Symbol R2 [R_Small]
[global_label_dangling]: Global label not connected anywhere else in the schematic
    ; warning
    @(6550 mils, 4300 mils): Global Label 'ADC_SDOUT'
[endpoint_off_grid]: Symbol pin or wire end off connection grid
    ; warning
    @(2775 mils, 1825 mils): Vertical Wire, length 825 mils
[endpoint_off_grid]: Symbol pin or wire end off connection grid
    ; warning
    @(2775 mils, 1825 mils): Horizontal Wire, length 3125 mils
[endpoint_off_grid]: Symbol pin or wire end off connection grid
    ; warning
    @(3175 mils, 1900 mils): Horizontal Wire, length 200 mils
[endpoint_off_grid]: Symbol pin or wire end off connection grid
    ; warning
    @(2700 mils, 1900 mils): Horizontal Wire, length 475 mils
[endpoint_off_grid]: Symbol pin or wire end off connection grid
    ; warning
    @(3175 mils, 1900 mils): Symbol C15 Pin 1 [Passive, Line]
[endpoint_off_grid]: Symbol pin or wire end off connection grid
    ; warning
    @(2575 mils, 2750 mils): Vertical Wire, length 800 mils
[endpoint_off_grid]: Symbol pin or wire end off connection grid
    ; warning
    @(2575 mils, 2750 mils): Horizontal Wire, length 200 mils
[endpoint_off_grid]: Symbol pin or wire end off connection grid
    ; warning
    @(2775 mils, 2650 mils): Symbol U4 Pin 2 [RXIN, Input, Line]
[endpoint_off_grid]: Symbol pin or wire end off connection grid
    ; warning
    @(3375 mils, 1900 mils): Symbol C16 Pin 1 [Passive, Line]
[endpoint_off_grid]: Symbol pin or wire end off connection grid
    ; warning
    @(3375 mils, 1900 mils): Horizontal Wire, length 200 mils
[endpoint_off_grid]: Symbol pin or wire end off connection grid
    ; warning
    @(3225 mils, 2250 mils): Wire, length 71 mils
[endpoint_off_grid]: Symbol pin or wire end off connection grid
    ; warning
    @(3275 mils, 2250 mils): Horizontal Wire, length 50 mils
[endpoint_off_grid]: Symbol pin or wire end off connection grid
    ; warning
    @(2200 mils, 3050 mils): Vertical Wire, length 275 mils
[endpoint_off_grid]: Symbol pin or wire end off connection grid
    ; warning
    @(3375 mils, 2200 mils): Vertical Wire, length 50 mils
[endpoint_off_grid]: Symbol pin or wire end off connection grid
    ; warning
    @(3575 mils, 1900 mils): Symbol C17 Pin 1 [Passive, Line]
[endpoint_off_grid]: Symbol pin or wire end off connection grid
    ; warning
    @(3575 mils, 1900 mils): Horizontal Wire, length 475 mils
[endpoint_off_grid]: Symbol pin or wire end off connection grid
    ; warning
    @(2250 mils, 3350 mils): Wire, length 425 mils
[endpoint_off_grid]: Symbol pin or wire end off connection grid
    ; warning
    @(1850 mils, 3675 mils): Horizontal Wire, length 350 mils
[endpoint_off_grid]: Symbol pin or wire end off connection grid
    ; warning
    @(1850 mils, 3675 mils): Vertical Wire, length 25 mils
[endpoint_off_grid]: Symbol pin or wire end off connection grid
    ; warning
    @(2200 mils, 3050 mils): Horizontal Wire, length 575 mils
[endpoint_off_grid]: Symbol pin or wire end off connection grid
    ; warning
    @(3475 mils, 2250 mils): Horizontal Wire, length 50 mils
[endpoint_off_grid]: Symbol pin or wire end off connection grid
    ; warning
    @(3525 mils, 2250 mils): Wire, length 71 mils
[endpoint_off_grid]: Symbol pin or wire end off connection grid
    ; warning
    @(2775 mils, 3150 mils): Horizontal Wire, length 150 mils
[endpoint_off_grid]: Symbol pin or wire end off connection grid
    ; warning
    @(2200 mils, 3625 mils): Vertical Wire, length 25 mils
[endpoint_off_grid]: Symbol pin or wire end off connection grid
    ; warning
    @(2200 mils, 3625 mils): Symbol C7 Pin 2 [Passive, Line]
[endpoint_off_grid]: Symbol pin or wire end off connection grid
    ; warning
    @(2200 mils, 3675 mils): Vertical Wire, length 25 mils
[endpoint_off_grid]: Symbol pin or wire end off connection grid
    ; warning
    @(2575 mils, 3550 mils): Horizontal Wire, length 200 mils
[endpoint_off_grid]: Symbol pin or wire end off connection grid
    ; warning
    @(2575 mils, 3550 mils): Vertical Wire, length 100 mils
[endpoint_off_grid]: Symbol pin or wire end off connection grid
    ; warning
    @(2575 mils, 3650 mils): Vertical Wire, length 200 mils
[endpoint_off_grid]: Symbol pin or wire end off connection grid
    ; warning
    @(2575 mils, 3650 mils): Horizontal Wire, length 200 mils
[endpoint_off_grid]: Symbol pin or wire end off connection grid
    ; warning
    @(4050 mils, 1900 mils): Horizontal Wire, length 75 mils
[endpoint_off_grid]: Symbol pin or wire end off connection grid
    ; warning
    @(4125 mils, 1900 mils): Horizontal Wire, length 475 mils
[endpoint_off_grid]: Symbol pin or wire end off connection grid
    ; warning
    @(4125 mils, 1900 mils): Vertical Wire, length 550 mils
[endpoint_off_grid]: Symbol pin or wire end off connection grid
    ; warning
    @(2575 mils, 3850 mils): Vertical Wire, length 100 mils
[endpoint_off_grid]: Symbol pin or wire end off connection grid
    ; warning
    @(2575 mils, 3850 mils): Horizontal Wire, length 200 mils
[endpoint_off_grid]: Symbol pin or wire end off connection grid
    ; warning
    @(2575 mils, 3950 mils): Vertical Wire, length 100 mils
[endpoint_off_grid]: Symbol pin or wire end off connection grid
    ; warning
    @(2575 mils, 3950 mils): Horizontal Wire, length 200 mils
[endpoint_off_grid]: Symbol pin or wire end off connection grid
    ; warning
    @(4125 mils, 2450 mils): Symbol R13 Pin 1 [Passive, Line]
[endpoint_off_grid]: Symbol pin or wire end off connection grid
    ; warning
    @(2575 mils, 4050 mils): Vertical Wire, length 925 mils
[endpoint_off_grid]: Symbol pin or wire end off connection grid
    ; warning
    @(2575 mils, 4050 mils): Horizontal Wire, length 200 mils
[endpoint_off_grid]: Symbol pin or wire end off connection grid
    ; warning
    @(3975 mils, 2950 mils): Horizontal Wire, length 250 mils
[endpoint_off_grid]: Symbol pin or wire end off connection grid
    ; warning
    @(4125 mils, 2750 mils): Vertical Wire, length 700 mils
[endpoint_off_grid]: Symbol pin or wire end off connection grid
    ; warning
    @(3975 mils, 3050 mils): Horizontal Wire, length 250 mils
[endpoint_off_grid]: Symbol pin or wire end off connection grid
    ; warning
    @(4600 mils, 2025 mils): Symbol C4 Pin 1 [Passive, Line]
[endpoint_off_grid]: Symbol pin or wire end off connection grid
    ; warning
    @(4600 mils, 1900 mils): Vertical Wire, length 125 mils
[endpoint_off_grid]: Symbol pin or wire end off connection grid
    ; warning
    @(3975 mils, 3150 mils): Horizontal Wire, length 250 mils
[endpoint_off_grid]: Symbol pin or wire end off connection grid
    ; warning
    @(2700 mils, 4250 mils): Horizontal Wire, length 75 mils
[endpoint_off_grid]: Symbol pin or wire end off connection grid
    ; warning
    @(4600 mils, 2325 mils): Symbol #PWR06 Pin 1 [Power input, Line]
[endpoint_off_grid]: Symbol pin or wire end off connection grid
    ; warning
    @(3975 mils, 3350 mils): Horizontal Wire, length 75 mils
[endpoint_off_grid]: Symbol pin or wire end off connection grid
    ; warning
    @(3975 mils, 3450 mils): Horizontal Wire, length 150 mils
[endpoint_off_grid]: Symbol pin or wire end off connection grid
    ; warning
    @(4125 mils, 3450 mils): Horizontal Wire, length 100 mils
[endpoint_off_grid]: Symbol pin or wire end off connection grid
    ; warning
    @(4050 mils, 3350 mils): Horizontal Wire, length 175 mils
[endpoint_off_grid]: Symbol pin or wire end off connection grid
    ; warning
    @(2575 mils, 4975 mils): Horizontal Wire, length 700 mils
[endpoint_off_grid]: Symbol pin or wire end off connection grid
    ; warning
    @(3975 mils, 3950 mils): Horizontal Wire, length 100 mils
[endpoint_off_grid]: Symbol pin or wire end off connection grid
    ; warning
    @(3275 mils, 4650 mils): Vertical Wire, length 325 mils
[endpoint_off_grid]: Symbol pin or wire end off connection grid
    ; warning
    @(3375 mils, 4650 mils): Vertical Wire, length 325 mils
[endpoint_off_grid]: Symbol pin or wire end off connection grid
    ; warning
    @(3275 mils, 4975 mils): Horizontal Wire, length 100 mils
[endpoint_off_grid]: Symbol pin or wire end off connection grid
    ; warning
    @(3375 mils, 4975 mils): Horizontal Wire, length 75 mils
[endpoint_off_grid]: Symbol pin or wire end off connection grid
    ; warning
    @(3450 mils, 4975 mils): Symbol #PWR08 Pin 1 [Power input, Line]
[endpoint_off_grid]: Symbol pin or wire end off connection grid
    ; warning
    @(5900 mils, 1825 mils): Vertical Wire, length 825 mils

***** Sheet /Audio Inputs/
[power_pin_not_driven]: Input Power pin not driven by any Output Power pins
    ; error
    @(3275 mils, 2250 mils): Symbol U4 Pin 1 [VDD, Power input, Line]
[power_pin_not_driven]: Input Power pin not driven by any Output Power pins
    ; error
    @(3375 mils, 2250 mils): Symbol U4 Pin 14 [VDD, Power input, Line]
[power_pin_not_driven]: Input Power pin not driven by any Output Power pins
    ; error
    @(3475 mils, 2250 mils): Symbol U4 Pin 28 [VDD, Power input, Line]
[pin_to_pin]: Pins of type Bidirectional and Power output are connected
    ; warning
    @(3975 mils, 3350 mils): Symbol U4 Pin 25 [SDA, Bidirectional, Line]
    @(1850 mils, 775 mils): Symbol #FLG02 Pin 1 [Power output, Line]

 ** ERC messages: 107  Errors 4  Warnings 103
